
R version 3.6.1 (2019-07-05) -- "Action of the Toes"
Copyright (C) 2019 The R Foundation for Statistical Computing
Platform: x86_64-pc-linux-gnu (64-bit)

R is free software and comes with ABSOLUTELY NO WARRANTY.
You are welcome to redistribute it under certain conditions.
Type 'license()' or 'licence()' for distribution details.

  Natural language support but running in an English locale

R is a collaborative project with many contributors.
Type 'contributors()' for more information and
'citation()' on how to cite R or R packages in publications.

Type 'demo()' for some demos, 'help()' for on-line help, or
'help.start()' for an HTML browser interface to help.
Type 'q()' to quit R.

During startup - Warning message:
Setting LC_CTYPE failed, using "C" 
> # === tool ========
> .libPaths(c(Sys.getenv('R_LIBS_1'), 
+             Sys.getenv('R_LIBS_2'),
+             Sys.getenv('R_LIBS_3')))
> .libPaths()
[1] "/home/Shared/Rlib/release-3.10-lib" "/usr/local/R/R-3.6.1/library"      
[3] "/home/fiona/tmp/R310_lib"          
> 
> suppressPackageStartupMessages({
+     library(TreeSummarizedExperiment)
+     library(treeclimbR)
+     library(dplyr)
+     library(edgeR)
+     library(StructFDR)
+ })
Warning message:
In .getGeneric(f, where, package) :
  strings not representable in native encoding will be translated to UTF-8
> R.Version()
$platform
[1] "x86_64-pc-linux-gnu"

$arch
[1] "x86_64"

$os
[1] "linux-gnu"

$system
[1] "x86_64, linux-gnu"

$status
[1] ""

$major
[1] "3"

$minor
[1] "6.1"

$year
[1] "2019"

$month
[1] "07"

$day
[1] "05"

$`svn rev`
[1] "76782"

$language
[1] "R"

$version.string
[1] "R version 3.6.1 (2019-07-05)"

$nickname
[1] "Action of the Toes"

> # ==== arguments from batch R=====================
> argsList <- (commandArgs(trailingOnly = TRUE))
> argsList
[1] "inRDat='output/RData/DataPrep/DataPrep.RData'"
[2] "outRDat='output/RData/Analysis/BH.RData'"     
> for (i in seq_along(argsList)) {
+     if(length(argsList[[i]])>1){
+         assign(names(argsList)[i],argsList[[i]])
+     }else{eval(parse(text = argsList[[i]]))}
+ }
> 
> ## === load data from data preparation step ======
> print(inRDat)
[1] "output/RData/DataPrep/DataPrep.RData"
> load(inRDat)
> 
> # ------------------------------- functions ---------------------------------
> # wilcox.test
> test.func <- function(X, Y) {  
+     Y <- as.numeric(factor(Y))
+     obj <- apply(X, 1, function(x) {                
+         p.value <- suppressWarnings(wilcox.test(x ~ Y)$p.value)
+         e.sign <- sign(mean(x[Y == 2]) - mean(x[Y == 1]))
+         c(p.value, e.sign)          
+     })
+     return(list(p.value=obj[1, ], e.sign=obj[2, ])) 
+ }
> 
> # ------------------------------- data ---------------------------------
> X <- lapply(lse, FUN = function(x) {
+     assays(x)[[1]]
+ })
> Y <- lapply(lse, FUN = function(x) {
+     colData(x)$group
+ })
> treeX <- lapply(lse, rowTree)
> 
> # ------------------------------- run time ---------------------------------
> BH <- vector("list", length(lse))
> names(BH) <- names(lse)
> 
> for (i in seq_along(lse)) {
+     message(i, " out of ", length(lse), " is done.")
+     BH[[i]] <- system.time({
+         resW <- test.func(X[[i]],Y[[i]])
+         adjP <- p.adjust(p = resW$p.value, method = "BH")
+         names(adjP)[adjP <= 0.05]
+     })
+ }
1 out of 12 is done.
2 out of 12 is done.
3 out of 12 is done.
4 out of 12 is done.
5 out of 12 is done.
6 out of 12 is done.
7 out of 12 is done.
8 out of 12 is done.
9 out of 12 is done.
10 out of 12 is done.
11 out of 12 is done.
12 out of 12 is done.
> 
> # print out the run time
> BH
$sample50_leaf100
   user  system elapsed 
  0.228   0.000   0.226 

$sample50_leaf500
   user  system elapsed 
  0.992   0.036   1.029 

$sample50_leaf1000
   user  system elapsed 
  2.004   0.104   2.112 

$sample50_leaf3000
   user  system elapsed 
  5.996   0.120   6.125 

$sample50_leaf6000
   user  system elapsed 
 11.892   0.180  12.086 

$sample50_leaf10000
   user  system elapsed 
 19.884   0.080  19.988 

$sample250_leaf100
   user  system elapsed 
  0.508   0.000   0.512 

$sample250_leaf500
   user  system elapsed 
  2.520   0.032   2.552 

$sample250_leaf1000
   user  system elapsed 
  5.060   0.032   5.098 

$sample250_leaf3000
   user  system elapsed 
 15.948   0.176  16.145 

$sample250_leaf6000
   user  system elapsed 
 31.808   0.080  31.934 

$sample250_leaf10000
   user  system elapsed 
 52.984   0.808  53.873 

> 
> save(BH, file = outRDat)
> 
> 
> sessionInfo()
R version 3.6.1 (2019-07-05)
Platform: x86_64-pc-linux-gnu (64-bit)
Running under: Ubuntu 16.04.6 LTS

Matrix products: default
BLAS:   /usr/local/R/R-3.6.1/lib/libRblas.so
LAPACK: /usr/local/R/R-3.6.1/lib/libRlapack.so

locale:
 [1] LC_CTYPE=C                 LC_NUMERIC=C              
 [3] LC_TIME=en_CA.UTF-8        LC_COLLATE=en_CA.UTF-8    
 [5] LC_MONETARY=en_CA.UTF-8    LC_MESSAGES=en_CA.UTF-8   
 [7] LC_PAPER=en_CA.UTF-8       LC_NAME=C                 
 [9] LC_ADDRESS=C               LC_TELEPHONE=C            
[11] LC_MEASUREMENT=en_CA.UTF-8 LC_IDENTIFICATION=C       

attached base packages:
[1] parallel  stats4    stats     graphics  grDevices utils     datasets 
[8] methods   base     

other attached packages:
 [1] StructFDR_1.3                  dirmult_0.1.3-4               
 [3] cluster_2.1.0                  ape_5.3                       
 [5] nlme_3.1-140                   edgeR_3.28.0                  
 [7] limma_3.42.0                   dplyr_0.8.3                   
 [9] treeclimbR_0.1.1               TreeSummarizedExperiment_1.3.1
[11] SingleCellExperiment_1.8.0     SummarizedExperiment_1.16.0   
[13] DelayedArray_0.12.0            BiocParallel_1.20.0           
[15] matrixStats_0.55.0             Biobase_2.46.0                
[17] GenomicRanges_1.38.0           GenomeInfoDb_1.22.0           
[19] IRanges_2.20.0                 S4Vectors_0.24.0              
[21] BiocGenerics_0.32.0           

loaded via a namespace (and not attached):
  [1] TH.data_1.0-10              minqa_1.2.4                
  [3] colorspace_1.4-1            rjson_0.2.20               
  [5] mclust_5.4.5                circlize_0.4.8             
  [7] corpcor_1.6.9               XVector_0.26.0             
  [9] GlobalOptions_0.1.1         base64enc_0.1-3            
 [11] clue_0.3-57                 hexbin_1.27.3              
 [13] IDPmisc_1.1.19              CytoML_1.12.0              
 [15] mvtnorm_1.0-11              codetools_0.2-16           
 [17] splines_3.6.1               R.methodsS3_1.7.1          
 [19] mnormt_1.5-5                robustbase_0.93-5          
 [21] zeallot_0.1.0               jsonlite_1.6               
 [23] nloptr_1.2.1                png_0.1-7                  
 [25] R.oo_1.23.0                 graph_1.64.0               
 [27] rrcov_1.4-7                 compiler_3.6.1             
 [29] backports_1.1.5             assertthat_0.2.1           
 [31] Matrix_1.2-17               lazyeval_0.2.2             
 [33] tools_3.6.1                 ncdfFlow_2.32.0            
 [35] igraph_1.2.4.1              gtable_0.3.0               
 [37] glue_1.3.1                  GenomeInfoDbData_1.2.2     
 [39] flowWorkspace_3.34.0        reshape2_1.4.3             
 [41] ggcyto_1.14.0               Rcpp_1.0.2                 
 [43] vctrs_0.2.0                 stringr_1.4.0              
 [45] lme4_1.1-21                 lifecycle_0.1.0            
 [47] gtools_3.8.1                XML_3.98-1.20              
 [49] DEoptimR_1.0-8              zlibbioc_1.32.0            
 [51] MASS_7.3-51.4               zoo_1.8-6                  
 [53] scales_1.0.0                RBGL_1.62.1                
 [55] sandwich_2.5-1              RColorBrewer_1.1-2         
 [57] ComplexHeatmap_2.2.0        yaml_2.2.0                 
 [59] gridExtra_2.3               ggplot2_3.2.1              
 [61] latticeExtra_0.6-28         stringi_1.4.3              
 [63] pcaPP_1.9-73                flowClust_3.24.0           
 [65] flowCore_1.52.0             boot_1.3-22                
 [67] shape_1.4.4                 flowViz_1.50.0             
 [69] rlang_0.4.1                 pkgconfig_2.0.3            
 [71] bitops_1.0-6                fda_2.4.8                  
 [73] lattice_0.20-38             purrr_0.3.3                
 [75] ks_1.11.6                   tidyselect_0.2.5           
 [77] plyr_1.8.4                  magrittr_1.5               
 [79] R6_2.4.0                    multcomp_1.4-10            
 [81] pillar_1.4.2                survival_2.44-1.1          
 [83] RCurl_1.95-4.12             FlowSOM_1.18.0             
 [85] tibble_2.1.3                tsne_0.1-3                 
 [87] crayon_1.3.4                KernSmooth_2.23-15         
 [89] ellipse_0.4.1               GetoptLong_0.1.7           
 [91] locfit_1.5-9.1              grid_3.6.1                 
 [93] diffcyt_1.6.0               data.table_1.12.6          
 [95] Rgraphviz_2.30.0            ConsensusClusterPlus_1.50.0
 [97] digest_0.6.22               tidyr_1.0.0                
 [99] R.utils_2.9.0               flowStats_3.44.0           
[101] RcppParallel_4.4.4          munsell_0.5.0              
[103] openCyto_1.24.0            
> 
> proc.time()
   user  system elapsed 
177.776   3.216 181.261 
