
R version 3.6.1 (2019-07-05) -- "Action of the Toes"
Copyright (C) 2019 The R Foundation for Statistical Computing
Platform: x86_64-pc-linux-gnu (64-bit)

R is free software and comes with ABSOLUTELY NO WARRANTY.
You are welcome to redistribute it under certain conditions.
Type 'license()' or 'licence()' for distribution details.

  Natural language support but running in an English locale

R is a collaborative project with many contributors.
Type 'contributors()' for more information and
'citation()' on how to cite R or R packages in publications.

Type 'demo()' for some demos, 'help()' for on-line help, or
'help.start()' for an HTML browser interface to help.
Type 'q()' to quit R.

During startup - Warning message:
Setting LC_CTYPE failed, using "C" 
> # === tool ========
> .libPaths(c(Sys.getenv('R_LIBS_1'), 
+             Sys.getenv('R_LIBS_2'),
+             Sys.getenv('R_LIBS_3')))
> .libPaths()
[1] "/home/Shared/Rlib/release-3.10-lib" "/usr/local/R/R-3.6.1/library"      
[3] "/home/fiona/tmp/R310_lib"          
> 
> suppressPackageStartupMessages({
+     library(TreeSummarizedExperiment)
+     library(treeclimbR)
+     library(dplyr)
+     library(structSSI)
+     library(ape)
+     library(igraph)
+ })
Warning message:
In .getGeneric(f, where, package) :
  strings not representable in native encoding will be translated to UTF-8
> 
> R.Version()
$platform
[1] "x86_64-pc-linux-gnu"

$arch
[1] "x86_64"

$os
[1] "linux-gnu"

$system
[1] "x86_64, linux-gnu"

$status
[1] ""

$major
[1] "3"

$minor
[1] "6.1"

$year
[1] "2019"

$month
[1] "07"

$day
[1] "05"

$`svn rev`
[1] "76782"

$language
[1] "R"

$version.string
[1] "R version 3.6.1 (2019-07-05)"

$nickname
[1] "Action of the Toes"

> # ==== arguments from batch R=====================
> argsList <- (commandArgs(trailingOnly = TRUE))
> argsList
[1] "inRDat='output/RData/DataPrep/DataPrep.RData'"
[2] "outRDat='output/RData/Analysis/HFDR.RData'"   
> for (i in seq_along(argsList)) {
+     if(length(argsList[[i]])>1){
+         assign(names(argsList)[i],argsList[[i]])
+     }else{eval(parse(text = argsList[[i]]))}
+ }
> 
> ## === load data from data preparation step ======
> print(inRDat)
[1] "output/RData/DataPrep/DataPrep.RData"
> load(inRDat)
> 
> # ------------------------------- data ---------------------------------
> X <- lapply(lse, FUN = function(x) {
+     assays(x)[[1]]
+ })
> Y <- lapply(lse, FUN = function(x) {
+     colData(x)$group
+ })
> treeX <- lapply(lse, rowTree)
> 
> 
> HFDR <- vector("list", length(lse))
> names(HFDR) <- names(lse)
> 
> for (i in seq_along(lse)) {
+     message(i, " out of ", length(lse), " has been done")
+     HFDR[[i]] <- system.time({
+         chl.tree <- get.edgelist(as.igraph(treeX[[i]]))
+         chl.pval <- treePValues(chl.tree, X[[i]], Y[[i]])
+         # the root has NA p value because all samples have the same library size
+         # to run next step successfully, p values is set to 0.5 because 
+         # there are no difference between two groups
+         chl.pval[is.na(chl.pval)] <- 0.5
+         chl.hfdr <- hFDR.adjust(chl.pval, chl.tree, alpha = 0.05)
+         
+         # Discovery on the leaf level
+         find.hFDR <- rownames(chl.hfdr@p.vals)[chl.hfdr@p.vals$adjp <= 0.05]
+         find.hFDR <- find.hFDR[!is.na(find.hFDR)]
+         leaf.hFDR <- find.hFDR[startsWith(find.hFDR, "t")]  
+     })
+     
+ }
1 out of 12 has been done
2 out of 12 has been done
3 out of 12 has been done
4 out of 12 has been done
5 out of 12 has been done
6 out of 12 has been done
7 out of 12 has been done
8 out of 12 has been done
9 out of 12 has been done
10 out of 12 has been done
11 out of 12 has been done
12 out of 12 has been done
> 
> # print out the run time
> HFDR
$sample50_leaf100
   user  system elapsed 
  0.892   0.080   0.973 

$sample50_leaf500
   user  system elapsed 
  5.024   0.244   5.276 

$sample50_leaf1000
   user  system elapsed 
 12.308   0.228  12.551 

$sample50_leaf3000
   user  system elapsed 
 68.880   0.460  69.433 

$sample50_leaf6000
   user  system elapsed 
212.540   3.168 216.008 

$sample50_leaf10000
   user  system elapsed 
537.828   3.720 542.666 

$sample250_leaf100
   user  system elapsed 
  0.860   0.000   0.863 

$sample250_leaf500
   user  system elapsed 
  5.164   0.052   5.227 

$sample250_leaf1000
   user  system elapsed 
 12.872   0.184  13.086 

$sample250_leaf3000
   user  system elapsed 
 69.152   0.772  70.112 

$sample250_leaf6000
   user  system elapsed 
216.176   1.820 218.552 

$sample250_leaf10000
   user  system elapsed 
541.004   3.700 545.633 

> 
> save(HFDR, file = outRDat)
> 
> 
> sessionInfo()
R version 3.6.1 (2019-07-05)
Platform: x86_64-pc-linux-gnu (64-bit)
Running under: Ubuntu 16.04.6 LTS

Matrix products: default
BLAS:   /usr/local/R/R-3.6.1/lib/libRblas.so
LAPACK: /usr/local/R/R-3.6.1/lib/libRlapack.so

locale:
 [1] LC_CTYPE=C                 LC_NUMERIC=C              
 [3] LC_TIME=en_CA.UTF-8        LC_COLLATE=en_CA.UTF-8    
 [5] LC_MONETARY=en_CA.UTF-8    LC_MESSAGES=en_CA.UTF-8   
 [7] LC_PAPER=en_CA.UTF-8       LC_NAME=C                 
 [9] LC_ADDRESS=C               LC_TELEPHONE=C            
[11] LC_MEASUREMENT=en_CA.UTF-8 LC_IDENTIFICATION=C       

attached base packages:
[1] parallel  stats4    stats     graphics  grDevices utils     datasets 
[8] methods   base     

other attached packages:
 [1] igraph_1.2.4.1                 ape_5.3                       
 [3] structSSI_1.1.1                dplyr_0.8.3                   
 [5] treeclimbR_0.1.1               TreeSummarizedExperiment_1.3.1
 [7] SingleCellExperiment_1.8.0     SummarizedExperiment_1.16.0   
 [9] DelayedArray_0.12.0            BiocParallel_1.20.0           
[11] matrixStats_0.55.0             Biobase_2.46.0                
[13] GenomicRanges_1.38.0           GenomeInfoDb_1.22.0           
[15] IRanges_2.20.0                 S4Vectors_0.24.0              
[17] BiocGenerics_0.32.0           

loaded via a namespace (and not attached):
  [1] TH.data_1.0-10              minqa_1.2.4                
  [3] colorspace_1.4-1            rjson_0.2.20               
  [5] dirmult_0.1.3-4             mclust_5.4.5               
  [7] circlize_0.4.8              corpcor_1.6.9              
  [9] XVector_0.26.0              GlobalOptions_0.1.1        
 [11] base64enc_0.1-3             clue_0.3-57                
 [13] hexbin_1.27.3               IDPmisc_1.1.19             
 [15] CytoML_1.12.0               mvtnorm_1.0-11             
 [17] codetools_0.2-16            splines_3.6.1              
 [19] R.methodsS3_1.7.1           mnormt_1.5-5               
 [21] robustbase_0.93-5           zeallot_0.1.0              
 [23] jsonlite_1.6                nloptr_1.2.1               
 [25] cluster_2.1.0               png_0.1-7                  
 [27] R.oo_1.23.0                 graph_1.64.0               
 [29] rrcov_1.4-7                 compiler_3.6.1             
 [31] backports_1.1.5             assertthat_0.2.1           
 [33] Matrix_1.2-17               lazyeval_0.2.2             
 [35] limma_3.42.0                tools_3.6.1                
 [37] ncdfFlow_2.32.0             gtable_0.3.0               
 [39] glue_1.3.1                  GenomeInfoDbData_1.2.2     
 [41] flowWorkspace_3.34.0        reshape2_1.4.3             
 [43] ggcyto_1.14.0               Rcpp_1.0.2                 
 [45] vctrs_0.2.0                 multtest_2.42.0            
 [47] nlme_3.1-140                stringr_1.4.0              
 [49] lme4_1.1-21                 lifecycle_0.1.0            
 [51] gtools_3.8.1                XML_3.98-1.20              
 [53] edgeR_3.28.0                DEoptimR_1.0-8             
 [55] zlibbioc_1.32.0             MASS_7.3-51.4              
 [57] zoo_1.8-6                   scales_1.0.0               
 [59] RBGL_1.62.1                 sandwich_2.5-1             
 [61] RColorBrewer_1.1-2          ComplexHeatmap_2.2.0       
 [63] yaml_2.2.0                  gridExtra_2.3              
 [65] ggplot2_3.2.1               latticeExtra_0.6-28        
 [67] stringi_1.4.3               pcaPP_1.9-73               
 [69] flowClust_3.24.0            flowCore_1.52.0            
 [71] boot_1.3-22                 shape_1.4.4                
 [73] flowViz_1.50.0              rlang_0.4.1                
 [75] pkgconfig_2.0.3             bitops_1.0-6               
 [77] fda_2.4.8                   lattice_0.20-38            
 [79] purrr_0.3.3                 ks_1.11.6                  
 [81] tidyselect_0.2.5            plyr_1.8.4                 
 [83] magrittr_1.5                R6_2.4.0                   
 [85] multcomp_1.4-10             pillar_1.4.2               
 [87] survival_2.44-1.1           RCurl_1.95-4.12            
 [89] FlowSOM_1.18.0              tibble_2.1.3               
 [91] tsne_0.1-3                  crayon_1.3.4               
 [93] KernSmooth_2.23-15          ellipse_0.4.1              
 [95] GetoptLong_0.1.7            locfit_1.5-9.1             
 [97] grid_3.6.1                  diffcyt_1.6.0              
 [99] data.table_1.12.6           Rgraphviz_2.30.0           
[101] ConsensusClusterPlus_1.50.0 digest_0.6.22              
[103] tidyr_1.0.0                 R.utils_2.9.0              
[105] flowStats_3.44.0            RcppParallel_4.4.4         
[107] munsell_0.5.0               openCyto_1.24.0            
> 
> proc.time()
    user   system  elapsed 
1715.248   16.680 1735.250 
